[    0.000000] Initializing cgroup subsys cpuset
[    0.000000] Initializing cgroup subsys cpu
[    0.000000] Initializing cgroup subsys cpuacct
[    0.000000] Linux version 4.4.0-166-generic (buildd@lcy01-amd64-020) (gcc version 5.4.0 20160609 (Ubuntu 5.4.0-6ubuntu1~16.04.10) ) #195-Ubuntu SMP Tue Oct 1 09:35:25 UTC 2019 (Ubuntu 4.4.0-166.195-generic 4.4.194)
[    0.000000] Command line: BOOT_IMAGE=/boot/vmlinuz-4.4.0-166-generic root=LABEL=cloudimg-rootfs ro console=tty1 console=ttyS0
[    0.000000] KERNEL supported cpus:
[    0.000000]   Intel GenuineIntel
[    0.000000]   AMD AuthenticAMD
[    0.000000]   Centaur CentaurHauls
[    0.000000] x86/fpu: xstate_offset[2]:  576, xstate_sizes[2]:  256
[    0.000000] x86/fpu: Supporting XSAVE feature 0x01: 'x87 floating point registers'
[    0.000000] x86/fpu: Supporting XSAVE feature 0x02: 'SSE registers'
[    0.000000] x86/fpu: Supporting XSAVE feature 0x04: 'AVX registers'
[    0.000000] x86/fpu: Enabled xstate features 0x7, context size is 832 bytes, using 'standard' format.
[    0.000000] e820: BIOS-provided physical RAM map:
[    0.000000] BIOS-e820: [mem 0x0000000000000000-0x000000000009fbff] usable
[    0.000000] BIOS-e820: [mem 0x000000000009fc00-0x000000000009ffff] reserved
[    0.000000] BIOS-e820: [mem 0x00000000000f0000-0x00000000000fffff] reserved
[    0.000000] BIOS-e820: [mem 0x0000000000100000-0x000000007ffeffff] usable
[    0.000000] BIOS-e820: [mem 0x000000007fff0000-0x000000007fffffff] ACPI data
[    0.000000] BIOS-e820: [mem 0x00000000fec00000-0x00000000fec00fff] reserved
[    0.000000] BIOS-e820: [mem 0x00000000fee00000-0x00000000fee00fff] reserved
[    0.000000] BIOS-e820: [mem 0x00000000fffc0000-0x00000000ffffffff] reserved
[    0.000000] NX (Execute Disable) protection: active
[    0.000000] SMBIOS 2.5 present.
[    0.000000] Hypervisor detected: KVM
[    0.000000] e820: last_pfn = 0x7fff0 max_arch_pfn = 0x400000000
[    0.000000] MTRR: Disabled
[    0.000000] x86/PAT: MTRRs disabled, skipping PAT initialization too.
[    0.000000] CPU MTRRs all blank - virtualized system.
[    0.000000] x86/PAT: Configuration [0-7]: WB  WT  UC- UC  WB  WT  UC- UC  
[    0.000000] found SMP MP-table at [mem 0x0009fff0-0x0009ffff] mapped at [ffff88000009fff0]
[    0.000000] Scanning 1 areas for low memory corruption
[    0.000000] RAMDISK: [mem 0x362f6000-0x37172fff]
[    0.000000] ACPI: Early table checksum verification disabled
[    0.000000] ACPI: RSDP 0x00000000000E0000 000024 (v02 VBOX  )
[    0.000000] ACPI: XSDT 0x000000007FFF0030 00003C (v01 VBOX   VBOXXSDT 00000001 ASL  00000061)
[    0.000000] ACPI: FACP 0x000000007FFF00F0 0000F4 (v04 VBOX   VBOXFACP 00000001 ASL  00000061)
[    0.000000] ACPI: DSDT 0x000000007FFF0470 0022EA (v02 VBOX   VBOXBIOS 00000002 INTL 20180105)
[    0.000000] ACPI: FACS 0x000000007FFF0200 000040
[    0.000000] ACPI: FACS 0x000000007FFF0200 000040
[    0.000000] ACPI: APIC 0x000000007FFF0240 00005C (v02 VBOX   VBOXAPIC 00000001 ASL  00000061)
[    0.000000] ACPI: SSDT 0x000000007FFF02A0 0001CC (v01 VBOX   VBOXCPUT 00000002 INTL 20180105)
[    0.000000] No NUMA configuration found
[    0.000000] Faking a node at [mem 0x0000000000000000-0x000000007ffeffff]
[    0.000000] NODE_DATA(0) allocated [mem 0x7ffeb000-0x7ffeffff]
[    0.000000] kvm-clock: Using msrs 4b564d01 and 4b564d00
[    0.000000] kvm-clock: cpu 0, msr 0:7ffe3001, primary cpu clock
[    0.000000] kvm-clock: using sched offset of 3081445169 cycles
[    0.000000] clocksource: kvm-clock: mask: 0xffffffffffffffff max_cycles: 0x1cd42e4dffb, max_idle_ns: 881590591483 ns
[    0.000000] Zone ranges:
[    0.000000]   DMA      [mem 0x0000000000001000-0x0000000000ffffff]
[    0.000000]   DMA32    [mem 0x0000000001000000-0x000000007ffeffff]
[    0.000000]   Normal   empty
[    0.000000]   Device   empty
[    0.000000] Movable zone start for each node
[    0.000000] Early memory node ranges
[    0.000000]   node   0: [mem 0x0000000000001000-0x000000000009efff]
[    0.000000]   node   0: [mem 0x0000000000100000-0x000000007ffeffff]
[    0.000000] Initmem setup node 0 [mem 0x0000000000001000-0x000000007ffeffff]
[    0.000000] ACPI: PM-Timer IO Port: 0x4008
[    0.000000] IOAPIC[0]: apic_id 2, version 32, address 0xfec00000, GSI 0-23
[    0.000000] ACPI: INT_SRC_OVR (bus 0 bus_irq 0 global_irq 2 dfl dfl)
[    0.000000] ACPI: INT_SRC_OVR (bus 0 bus_irq 9 global_irq 9 low level)
[    0.000000] Using ACPI (MADT) for SMP configuration information
[    0.000000] smpboot: Allowing 2 CPUs, 0 hotplug CPUs
[    0.000000] PM: Registered nosave memory: [mem 0x00000000-0x00000fff]
[    0.000000] PM: Registered nosave memory: [mem 0x0009f000-0x0009ffff]
[    0.000000] PM: Registered nosave memory: [mem 0x000a0000-0x000effff]
[    0.000000] PM: Registered nosave memory: [mem 0x000f0000-0x000fffff]
[    0.000000] e820: [mem 0x80000000-0xfebfffff] available for PCI devices
[    0.000000] Booting paravirtualized kernel on KVM
[    0.000000] clocksource: refined-jiffies: mask: 0xffffffff max_cycles: 0xffffffff, max_idle_ns: 7645519600211568 ns
[    0.000000] setup_percpu: NR_CPUS:512 nr_cpumask_bits:512 nr_cpu_ids:2 nr_node_ids:1
[    0.000000] PERCPU: Embedded 34 pages/cpu @ffff88007fc00000 s99544 r8192 d31528 u1048576
[    0.000000] Built 1 zonelists in Node order, mobility grouping on.  Total pages: 515960
[    0.000000] Policy zone: DMA32
[    0.000000] Kernel command line: BOOT_IMAGE=/boot/vmlinuz-4.4.0-166-generic root=LABEL=cloudimg-rootfs ro console=tty1 console=ttyS0
[    0.000000] PID hash table entries: 4096 (order: 3, 32768 bytes)
[    0.000000] Memory: 2029904K/2096696K available (8623K kernel code, 1336K rwdata, 4036K rodata, 1488K init, 1288K bss, 66792K reserved, 0K cma-reserved)
[    0.000000] SLUB: HWalign=64, Order=0-3, MinObjects=0, CPUs=2, Nodes=1
[    0.000000] Kernel/User page tables isolation: enabled
[    0.000000] Hierarchical RCU implementation.
[    0.000000] 	Build-time adjustment of leaf fanout to 64.
[    0.000000] 	RCU restricting CPUs from NR_CPUS=512 to nr_cpu_ids=2.
[    0.000000] RCU: Adjusting geometry for rcu_fanout_leaf=64, nr_cpu_ids=2
[    0.000000] NR_IRQS:33024 nr_irqs:440 16
[    0.000000] Console: colour VGA+ 80x25
[    0.000000] console [tty1] enabled
[    0.000000] console [ttyS0] enabled
[    0.000000] tsc: Detected 2207.998 MHz processor
[    0.105390] Calibrating delay loop (skipped) preset value.. 4415.99 BogoMIPS (lpj=8831992)
[    0.106591] pid_max: default: 32768 minimum: 301
[    0.107236] ACPI: Core revision 20150930
[    0.108560] ACPI: 2 ACPI AML tables successfully acquired and loaded
[    0.109498] Security Framework initialized
[    0.110093] Yama: becoming mindful.
[    0.110635] AppArmor: AppArmor initialized
[    0.111656] Dentry cache hash table entries: 262144 (order: 9, 2097152 bytes)
[    0.112792] Inode-cache hash table entries: 131072 (order: 8, 1048576 bytes)
[    0.114195] Mount-cache hash table entries: 4096 (order: 3, 32768 bytes)
[    0.115040] Mountpoint-cache hash table entries: 4096 (order: 3, 32768 bytes)
[    0.116041] Initializing cgroup subsys io
[    0.116632] Initializing cgroup subsys memory
[    0.117280] Initializing cgroup subsys devices
[    0.117919] Initializing cgroup subsys freezer
[    0.118542] Initializing cgroup subsys net_cls
[    0.119164] Initializing cgroup subsys perf_event
[    0.119810] Initializing cgroup subsys net_prio
[    0.120442] Initializing cgroup subsys hugetlb
[    0.121084] Initializing cgroup subsys pids
[    0.123323] mce: CPU supports 0 MCE banks
[    0.124549] Last level iTLB entries: 4KB 64, 2MB 8, 4MB 8
[    0.125868] Last level dTLB entries: 4KB 64, 2MB 0, 4MB 0, 1GB 4
[    0.126637] Spectre V1 : Mitigation: usercopy/swapgs barriers and __user pointer sanitization
[    0.127799] Spectre V2 : Mitigation: Full generic retpoline
[    0.128579] Spectre V2 : Spectre v2 / SpectreRSB mitigation: Filling RSB on context switch
[    0.129726] Speculative Store Bypass: Vulnerable
[    0.130444] MDS: Vulnerable: Clear CPU buffers attempted, no microcode
[    0.133610] Freeing SMP alternatives memory: 36K
[    0.139421] ftrace: allocating 32296 entries in 127 pages
[    0.194461] smpboot: APIC(0) Converting physical 0 to logical package 0
[    0.195383] smpboot: Max logical packages: 1
[    0.196195] x2apic enabled
[    0.196867] Switched APIC routing to physical x2apic.
[    0.198524] ..TIMER: vector=0x30 apic1=0 pin1=2 apic2=-1 pin2=-1
[    0.307391] smpboot: CPU0: Intel(R) Core(TM) i5-7260U CPU @ 2.20GHz (family: 0x6, model: 0x8e, stepping: 0x9)
[    0.309099] Performance Events: unsupported p6 CPU model 142 no PMU driver, software events only.
[    0.322378] KVM setup paravirtual spinlock
[    0.324532] x86: Booting SMP configuration:
[    0.325359] .... node  #0, CPUs:      #1
[    0.326178] kvm-clock: cpu 1, msr 0:7ffe3041, secondary cpu clock
[    0.327912] mce: CPU supports 0 MCE banks
[    0.330367] x86: Booted up 1 node, 2 CPUs
[    0.331335] smpboot: Total of 2 processors activated (8831.99 BogoMIPS)
[    0.332917] devtmpfs: initialized
[    0.334925] evm: security.selinux
[    0.335627] evm: security.SMACK64
[    0.336310] evm: security.SMACK64EXEC
[    0.337069] evm: security.SMACK64TRANSMUTE
[    0.337916] evm: security.SMACK64MMAP
[    0.339419] evm: security.ima
[    0.340750] evm: security.capability
[    0.342512] clocksource: jiffies: mask: 0xffffffff max_cycles: 0xffffffff, max_idle_ns: 7645041785100000 ns
[    0.344335] futex hash table entries: 512 (order: 3, 32768 bytes)
[    0.345297] pinctrl core: initialized pinctrl subsystem
[    0.346230] RTC time: 10:51:50, date: 12/13/19
[    0.347198] NET: Registered protocol family 16
[    0.359435] cpuidle: using governor ladder
[    0.371744] cpuidle: using governor menu
[    0.372403] PCCT header not found.
[    0.372988] ACPI: bus type PCI registered
[    0.373576] acpiphp: ACPI Hot Plug PCI Controller Driver version: 0.5
[    0.374492] PCI: Using configuration type 1 for base access
[    0.389134] ACPI: Added _OSI(Module Device)
[    0.389798] ACPI: Added _OSI(Processor Device)
[    0.390431] ACPI: Added _OSI(3.0 _SCP Extensions)
[    0.391115] ACPI: Added _OSI(Processor Aggregator Device)
[    0.392402] ACPI: Executed 1 blocks of module-level executable AML code
[    0.394941] ACPI: Interpreter enabled
[    0.395508] ACPI: (supports S0 S5)
[    0.396035] ACPI: Using IOAPIC for interrupt routing
[    0.396854] PCI: Using host bridge windows from ACPI; if necessary, use "pci=nocrs" and report a bug
[    0.400817] ACPI: PCI Root Bridge [PCI0] (domain 0000 [bus 00-ff])
[    0.401617] acpi PNP0A03:00: _OSC: OS supports [ASPM ClockPM Segments MSI]
[    0.402746] acpi PNP0A03:00: _OSC: not requesting OS control; OS requires [ExtendedConfig ASPM ClockPM MSI]
[    0.404060] acpi PNP0A03:00: fail to add MMCONFIG information, can't access extended PCI configuration space under this bridge.
[    0.405696] PCI host bridge to bus 0000:00
[    0.406300] pci_bus 0000:00: root bus resource [io  0x0000-0x0cf7 window]
[    0.407149] pci_bus 0000:00: root bus resource [io  0x0d00-0xffff window]
[    0.408022] pci_bus 0000:00: root bus resource [mem 0x000a0000-0x000bffff window]
[    0.409096] pci_bus 0000:00: root bus resource [mem 0x80000000-0xfdffffff window]
[    0.410171] pci_bus 0000:00: root bus resource [bus 00-ff]
[    0.412030] pci 0000:00:01.1: legacy IDE quirk: reg 0x10: [io  0x01f0-0x01f7]
[    0.412911] pci 0000:00:01.1: legacy IDE quirk: reg 0x14: [io  0x03f6]
[    0.413732] pci 0000:00:01.1: legacy IDE quirk: reg 0x18: [io  0x0170-0x0177]
[    0.414616] pci 0000:00:01.1: legacy IDE quirk: reg 0x1c: [io  0x0376]
[    0.442298] pci 0000:00:07.0: quirk: [io  0x4000-0x403f] claimed by PIIX4 ACPI
[    0.443410] pci 0000:00:07.0: quirk: [io  0x4100-0x410f] claimed by PIIX4 SMB
[    0.455801] ACPI: PCI Interrupt Link [LNKA] (IRQs 5 9 10 *11)
[    0.457095] ACPI: PCI Interrupt Link [LNKB] (IRQs 5 9 *10 11)
[    0.458211] ACPI: PCI Interrupt Link [LNKC] (IRQs 5 *9 10 11)
[    0.459317] ACPI: PCI Interrupt Link [LNKD] (IRQs 5 9 10 *11)
[    0.460454] ACPI: Enabled 2 GPEs in block 00 to 07
[    0.461463] vgaarb: setting as boot device: PCI:0000:00:02.0
[    0.462222] vgaarb: device added: PCI:0000:00:02.0,decodes=io+mem,owns=io+mem,locks=none
[    0.463356] vgaarb: loaded
[    0.463817] vgaarb: bridge control possible 0000:00:02.0
[    0.464766] SCSI subsystem initialized
[    0.465429] ACPI: bus type USB registered
[    0.466077] usbcore: registered new interface driver usbfs
[    0.466811] usbcore: registered new interface driver hub
[    0.467540] usbcore: registered new device driver usb
[    0.468406] PCI: Using ACPI for IRQ routing
[    0.469229] NetLabel: Initializing
[    0.469762] NetLabel:  domain hash size = 128
[    0.470382] NetLabel:  protocols = UNLABELED CIPSOv4
[    0.471105] NetLabel:  unlabeled traffic allowed by default
[    0.471987] amd_nb: Cannot enumerate AMD northbridges
[    0.472740] clocksource: Switched to clocksource kvm-clock
[    0.479339] AppArmor: AppArmor Filesystem Enabled
[    0.480068] pnp: PnP ACPI init
[    0.481133] pnp: PnP ACPI: found 3 devices
[    0.489698] clocksource: acpi_pm: mask: 0xffffff max_cycles: 0xffffff, max_idle_ns: 2085701024 ns
[    0.490957] NET: Registered protocol family 2
[    0.491722] TCP established hash table entries: 16384 (order: 5, 131072 bytes)
[    0.492806] TCP bind hash table entries: 16384 (order: 6, 262144 bytes)
[    0.493663] TCP: Hash tables configured (established 16384 bind 16384)
[    0.494503] UDP hash table entries: 1024 (order: 3, 32768 bytes)
[    0.495279] UDP-Lite hash table entries: 1024 (order: 3, 32768 bytes)
[    0.496119] NET: Registered protocol family 1
[    0.496749] pci 0000:00:00.0: Limiting direct PCI/PCI transfers
[    0.497559] pci 0000:00:01.0: Activating ISA DMA hang workarounds
[    0.498438] Unpacking initramfs...
[    0.673653] Freeing initrd memory: 14836K
[    0.674477] clocksource: tsc: mask: 0xffffffffffffffff max_cycles: 0x1fd3b6211b4, max_idle_ns: 440795230313 ns
[    0.676003] platform rtc_cmos: registered platform RTC device (no PNP device found)
[    0.677249] Scanning for low memory corruption every 60 seconds
[    0.678436] audit: initializing netlink subsys (disabled)
[    0.679259] audit: type=2000 audit(1576234315.036:1): initialized
[    0.680351] Initialise system trusted keyring
[    0.681257] HugeTLB registered 2 MB page size, pre-allocated 0 pages
[    0.683232] zbud: loaded
[    0.684077] VFS: Disk quotas dquot_6.6.0
[    0.684793] VFS: Dquot-cache hash table entries: 512 (order 0, 4096 bytes)
[    0.685977] squashfs: version 4.0 (2009/01/31) Phillip Lougher
[    0.687074] fuse init (API version 7.23)
[    0.687816] Key type big_key registered
[    0.688468] Allocating IMA MOK and blacklist keyrings.
[    0.689843] Key type asymmetric registered
[    0.690526] Asymmetric key parser 'x509' registered
[    0.691315] Block layer SCSI generic (bsg) driver version 0.4 loaded (major 249)
[    0.692564] io scheduler noop registered
[    0.693267] io scheduler deadline registered (default)
[    0.694087] io scheduler cfq registered
[    0.694796] pci_hotplug: PCI Hot Plug PCI Core version: 0.5
[    0.695624] pciehp: PCI Express Hot Plug Controller Driver version: 0.4
[    0.696660] ACPI: AC Adapter [AC] (on-line)
[    0.697399] input: Power Button as /devices/LNXSYSTM:00/LNXPWRBN:00/input/input0
[    0.698594] ACPI: Power Button [PWRF]
[    0.699250] input: Sleep Button as /devices/LNXSYSTM:00/LNXSLPBN:00/input/input1
[    0.700434] ACPI: Sleep Button [SLPF]
[    0.701243] GHES: HEST is not enabled!
[    0.701941] Serial: 8250/16550 driver, 32 ports, IRQ sharing enabled
[    0.723224] 00:02: ttyS0 at I/O 0x3f8 (irq = 4, base_baud = 115200) is a 16550A
    0.735030] Linux agpgart interface v0.103
[    0.737521] loop: module loaded
[    0.738625] scsi host0: ata_piix
[    0.739345] scsi host1: ata_piix
[    0.739947] ata1: PATA max UDMA/33 cmd 0x1f0 ctl 0x3f6 bmdma 0xd000 irq 14
[    0.740933] ata2: PATA max UDMA/33 cmd 0x170 ctl 0x376 bmdma 0xd008 irq 15
[    0.742036] libphy: Fixed MDIO Bus: probed
[    0.742696] tun: Universal TUN/TAP device driver, 1.6
[    0.743388] tun: (C) 1999-2004 Max Krasnyansky <maxk@qualcomm.com>
[    0.744217] PPP generic driver version 2.4.2
[    0.744879] ehci_hcd: USB 2.0 'Enhanced' Host Controller (EHCI) Driver
[    0.745762] ehci-pci: EHCI PCI platform driver
[    0.746411] ehci-platform: EHCI generic platform driver
[    0.747123] ohci_hcd: USB 1.1 'Open' Host Controller (OHCI) Driver
[    0.747931] ohci-pci: OHCI PCI platform driver
[    0.748569] ohci-platform: OHCI generic platform driver
[    0.749320] uhci_hcd: USB Universal Host Controller Interface driver
[    0.750185] i8042: PNP: PS/2 Controller [PNP0303:PS2K,PNP0f03:PS2M] at 0x60,0x64 irq 1,12
[    0.751752] serio: i8042 KBD port at 0x60,0x64 irq 1
[    0.752442] serio: i8042 AUX port at 0x60,0x64 irq 12
[    0.753294] mousedev: PS/2 mouse device common for all mice
[    0.754463] input: AT Translated Set 2 keyboard as /devices/platform/i8042/serio0/input/input2
[    0.755710] rtc_cmos rtc_cmos: rtc core: registered rtc_cmos as rtc0
[    0.756661] rtc_cmos rtc_cmos: alarms up to one day, 114 bytes nvram
[    0.757523] i2c /dev entries driver
[    0.758118] device-mapper: uevent: version 1.0.3
[    0.758828] device-mapper: ioctl: 4.34.0-ioctl (2015-10-28) initialised: dm-devel@redhat.com
[    0.760022] ledtrig-cpu: registered to indicate activity on CPUs
[    0.761121] NET: Registered protocol family 10
[    0.761939] NET: Registered protocol family 17
[    0.762587] Key type dns_resolver registered
[    0.763381] registered taskstats version 1
[    0.763996] Loading compiled-in X.509 certificates
[    0.765197] Loaded X.509 cert 'Build time autogenerated kernel key: 75bc1b51278a37d3abb49bab6b1b0161a6cc9ec0'
[    0.766546] zswap: loaded using pool lzo/zbud
[    0.768532] Key type trusted registered
[    0.773895] Key type encrypted registered
[    0.774501] AppArmor: AppArmor sha1 policy hashing enabled
[    0.775233] ima: No TPM chip found, activating TPM-bypass!
[    0.775966] ima: Allocated hash algorithm: sha1
[    0.776619] evm: HMAC attrs: 0x1
[    0.777423]   Magic number: 15:412:881
[    0.778073] rtc_cmos rtc_cmos: setting system clock to 2019-12-13 10:51:50 UTC (1576234310)
[    0.779357] BIOS EDD facility v0.16 2004-Jun-25, 0 devices found
[    0.780246] EDD information not available.
[    0.904790] Freeing unused kernel memory: 1488K
[    0.908083] Write protecting the kernel read-only data: 14336k
[    0.913462] Freeing unused kernel memory: 1604K
[    0.916701] Freeing unused kernel memory: 60K
Loading, please wait...
starting version 229
[    0.947274] random: systemd-udevd: uninitialized urandom read (16 bytes read, 3 bits of entropy available)
[    0.948462] random: udevadm: uninitialized urandom read (16 bytes read, 3 bits of entropy available)
[    0.948496] random: udevadm: uninitialized urandom read (16 bytes read, 3 bits of entropy available)
[    0.953122] random: systemd-udevd: uninitialized urandom read (16 bytes read, 3 bits of entropy available)
[    0.954922] random: systemd-udevd: uninitialized urandom read (16 bytes read, 3 bits of entropy available)
[    0.956468] random: systemd-udevd: uninitialized urandom read (16 bytes read, 3 bits of entropy available)
[    0.958128] random: udevadm: uninitialized urandom read (16 bytes read, 3 bits of entropy available)
[    0.958773] random: systemd-udevd: uninitialized urandom read (16 bytes read, 3 bits of entropy available)
[    0.958788] random: systemd-udevd: uninitialized urandom read (16 bytes read, 3 bits of entropy available)
[    0.958795] random: systemd-udevd: uninitialized urandom read (16 bytes read, 3 bits of entropy available)
[    0.990305] e1000: Intel(R) PRO/1000 Network Driver - version 7.3.21-k8-NAPI
[    0.991261] e1000: Copyright (c) 1999-2006 Intel Corporation.
[    0.998839] Fusion MPT base driver 3.04.20
[    0.999479] Copyright (c) 1999-2008 LSI Corporation
[    1.013793] Fusion MPT SPI Host driver 3.04.20
[    1.016711] AVX2 version of gcm_enc/dec engaged.
[    1.017483] AES CTR mode by8 optimization enabled
[    1.216357] input: ImExPS/2 Generic Explorer Mouse as /devices/platform/i8042/serio1/input/input4
[    1.343986] e1000 0000:00:03.0 eth0: (PCI:33MHz:32-bit) 02:95:cf:22:ea:76
[    1.344888] e1000 0000:00:03.0 eth0: Intel(R) PRO/1000 Network Connection
[    1.680618] e1000 0000:00:08.0 eth1: (PCI:33MHz:32-bit) 08:00:27:d2:1d:00
[    1.681563] e1000 0000:00:08.0 eth1: Intel(R) PRO/1000 Network Connection
[    1.683573] e1000 0000:00:03.0 enp0s3: renamed from eth0
[    1.684571] mptbase: ioc0: Initiating bringup
[    1.697098] e1000 0000:00:08.0 enp0s8: renamed from eth1
[    1.754043] ioc0: LSI53C1030 A0: Capabilities={Initiator}
[    2.098975] scsi host2: ioc0: LSI53C1030 A0, FwRev=00000000h, Ports=1, MaxQ=256, IRQ=20
[    2.244652] scsi 2:0:0:0: Direct-Access     VBOX     HARDDISK         1.0  PQ: 0 ANSI: 5
[    2.251815] scsi target2:0:0: Beginning Domain Validation
[    2.260044] scsi target2:0:0: Domain Validation skipping write tests
[    2.265052] scsi target2:0:0: Ending Domain Validation
[    2.267840] scsi target2:0:0: asynchronous
[    2.271711] scsi 2:0:1:0: Direct-Access     VBOX     HARDDISK         1.0  PQ: 0 ANSI: 5
[    2.275811] scsi target2:0:1: Beginning Domain Validation
[    2.292946] scsi target2:0:1: Domain Validation skipping write tests
[    2.294056] scsi target2:0:1: Ending Domain Validation
[    2.295016] scsi target2:0:1: asynchronous
[    2.300061] sd 2:0:0:0: [sda] 20971520 512-byte logical blocks: (10.7 GB/10.0 GiB)
[    2.301438] sd 2:0:0:0: [sda] Write Protect is off
[    2.302249] sd 2:0:0:0: Attached scsi generic sg0 type 0
[    2.303057] sd 2:0:0:0: [sda] Incomplete mode parameter data
[    2.303849] sd 2:0:0:0: [sda] Assuming drive cache: write through
[    2.305076] sd 2:0:1:0: [sdb] 20480 512-byte logical blocks: (10.5 MB/10.0 MiB)
[    2.306223] sd 2:0:1:0: [sdb] Write Protect is off
[    2.306998] sd 2:0:1:0: [sdb] Incomplete mode parameter data
[    2.307768] sd 2:0:1:0: [sdb] Assuming drive cache: write through
[    2.308646] sd 2:0:1:0: Attached scsi generic sg1 type 0
[    2.311138]  sda: sda1
[    2.313224] sd 2:0:0:0: [sda] Attached SCSI disk
[    2.313901] sd 2:0:1:0: [sdb] Attached SCSI disk
Begin: Loading essential drivers ... [    3.633248] md: linear personality registered for level -1
[    3.636552] md: multipath personality registered for level -4
[    3.639920] md: raid0 personality registered for level 0
[    3.645521] md: raid1 personality registered for level 1
[    3.717453] raid6: sse2x1   gen() 11473 MB/s
[    3.791547] raid6: sse2x1   xor()  9741 MB/s
[    3.858059] raid6: sse2x2   gen() 14745 MB/s
[    3.932957] raid6: sse2x2   xor() 11291 MB/s
[    4.002975] raid6: sse2x4   gen() 16120 MB/s
[    4.072952] raid6: sse2x4   xor() 11930 MB/s
[    4.142940] raid6: avx2x1   gen() 23999 MB/s
[    4.209213] raid6: avx2x2   gen() 26408 MB/s
[    4.282954] raid6: avx2x4   gen() 32042 MB/s
[    4.283624] raid6: using algorithm avx2x4 gen() 32042 MB/s
[    4.284354] raid6: using avx2x2 recovery algorithm
[    4.286095] xor: automatically using best checksumming function:
[    4.324745]    avx       : 24340.000 MB/sec
[    4.326488] async_tx: api initialized (async)
[    4.335661] md: raid6 personality registered for level 6
[    4.336709] md: raid5 personality registered for level 5
[    4.337697] md: raid4 personality registered for level 4
[    4.343361] md: raid10 personality registered for level 10
done.
Begin: Running /scripts/init-premount ... done.
Begin: Mounting root file system ... Begin: Running /scripts/local-top ... done.
Begin: Running /scripts/local-premount ... [    4.368719] Btrfs loaded
Scanning for Btrfs filesystems
done.
Warning: fsck not present, so skipping root file system
[    4.397784] EXT4-fs (sda1): mounted filesystem with ordered data mode. Opts: (null)
done.
Begin: Running /scripts/local-bottom ... done.
Begin: Running /scripts/init-bottom ... done.
[    4.534389] systemd[1]: systemd 229 running in system mode. (+PAM +AUDIT +SELINUX +IMA +APPARMOR +SMACK +SYSVINIT +UTMP +LIBCRYPTSETUP +GCRYPT +GNUTLS +ACL +XZ -LZ4 +SECCOMP +BLKID +ELFUTILS +KMOD -IDN)
[    4.541385] systemd[1]: Detected virtualization oracle.
[    4.543033] systemd[1]: Detected architecture x86-64.

Welcome to [1mUbuntu 16.04.6 LTS[0m!

[    4.548277] systemd[1]: Set hostname to <ubuntu-xenial>.
[    4.714448] systemd[1]: Listening on Journal Audit Socket.
[[0;32m  OK  [0m] Listening on Journal Audit Socket.
[    4.715940] systemd[1]: Reached target Swap.
[[0;32m  OK  [0m] Reached target Swap.
[    4.717150] systemd[1]: Listening on Device-mapper event daemon FIFOs.
[[0;32m  OK  [0m] Listening on Device-mapper event daemon FIFOs.
[    4.718875] systemd[1]: Started Forward Password Requests to Wall Directory Watch.
[[0;32m  OK  [0m] Started Forward Password Requests to Wall Directory Watch.
[    4.721249] systemd[1]: Listening on Journal Socket (/dev/log).
[[0;32m  OK  [0m] Listening on Journal Socket (/dev/log).
[    4.723239] systemd[1]: Listening on udev Control Socket.
[[0;32m  OK  [0m] Listening on udev Control Socket.
[    4.725192] systemd[1]: Listening on Journal Socket.
[[0;32m  OK  [0m] Listening on Journal Socket.
[    4.726997] systemd[1]: Listening on LVM2 metadata daemon socket.
[[0;32m  OK  [0m] Listening on LVM2 metadata daemon socket.
[    4.729068] systemd[1]: Listening on Syslog Socket.
[[0;32m  OK  [0m] Listening on Syslog Socket.
[    4.730811] systemd[1]: Listening on udev Kernel Socket.
[[0;32m  OK  [0m] Listening on udev Kernel Socket.
[    4.732430] systemd[1]: Reached target System Time Synchronized.
[[0;32m  OK  [0m] Reached target System Time Synchronized.
[    4.734396] systemd[1]: Created slice System Slice.
[[0;32m  OK  [0m] Created slice System Slice.
[    4.756929] systemd[1]: Starting Journal Service...
         Starting Journal Service...
[    4.759101] systemd[1]: Mounting POSIX Message Queue File System...
         Mounting POSIX Message Queue File System...
[    4.761024] systemd[1]: Created slice system-serial\x2dgetty.slice.
[[0;32m  OK  [0m] Created slice system-serial\x2dgetty.slice.
[    4.763421] systemd[1]: Starting Create list of required static device nodes for the current kernel...
         Starting Create list of required st... nodes for the current kernel...
[    4.766275] systemd[1]: Starting Nameserver information manager...
         Starting Nameserver information manager...
[    4.768367] systemd[1]: Starting Uncomplicated firewall...
         Starting Uncomplicated firewall...
[    4.772679] systemd[1]: Starting Remount Root and Kernel File Systems...
         Starting Remount Root and Kernel File Systems...
[    4.774444] systemd[1]: Listening on /dev/initctl Compatibility Named Pipe.
[[0;32m  OK  [0m] Listening on /dev/initctl Compatibility Named Pipe.
[    4.776362] systemd[1]: Created slice User and Session Slice.

    4.777263] EXT4-fs (sda1): re-mounted. Opts: (null)
[[0;32m  OK  [0m] Created slice User and Session Slice.
[    4.778421] systemd[1]: Reached target Slices.
[[0;32m  OK  [0m] Reached target Slices.
[    4.780290] systemd[1]: Started Trigger resolvconf update for networkd DNS.
[[0;32m  OK  [0m] Started Trigger resolvconf update for networkd DNS.
[    4.792994] systemd[1]: Mounting Huge Pages File System...
         Mounting Huge Pages File System...
[    4.795079] systemd[1]: Set up automount Arbitrary Executable File Formats File System Automount Point.
[[0;32m  OK  [0m] Set up automount Arbitrary Executab...ats File System Automount Point.
[    4.799029] systemd[1]: Mounting Debug File System...
         Mounting Debug File System...
[    4.801028] systemd[1]: Starting Set console keymap...
         Starting Set console keymap...
[    4.802442] systemd[1]: Reached target User and Group Name Lookups.
[[0;32m  OK  [0m] Reached target User and Group Name Lookups.
[    4.804398] systemd[1]: Reached target Encrypted Volumes.
[[0;32m  OK  [0m] Reached target Encrypted Volumes.
[    4.808424] systemd[1]: Starting Load Kernel Modules...
         Starting Load Kernel Modules...
[    4.810158] systemd[1]: Listening on LVM2 poll daemon socket.
[[0;32m  OK  [0m] Listening on LVM2 poll daemon socket.
[    4.812635] systemd[1]: Starting Monitoring of LVM2 mirrors, snapshots etc. using dmeventd or progress polling...
         Starting Monitoring of LVM2 mirrors... dmeventd or progress polling...
[    4.816309] systemd[1]: Mounted POSIX Message Queue File System.
[[0;32m  OK  [0m] Mounted POSIX Message Queue File System.
[    4.818155] systemd[1]: Mounted Huge Pages File System.
[[0;32m  OK  [0m] Mounted Huge Pages File System.
[    4.819732] systemd[1]: Mounted Debug File System.
[[0;32m  OK  [0m] Mounted Debug File System.
[    4.821222] systemd[1]: Started Journal Service.
[[0;32m  OK  [0m] Started Journal Service.
[    4.823225] Loading iSCSI transport class v2.0-870.
[[0;32m  OK  [0m] Started Create list of required sta...ce nodes for the current kernel.
[[0;32m  OK  [0m] Started Uncomplicated firewall.
[[0;32m  OK  [0m] Started Remount Root and Kernel File Systems.
[    4.836843] iscsi: registered transport (tcp)
[[0;32m  OK  [0m] Started Nameserver information manager.
[[0;32m  OK  [0m] Started Set console keymap.
[    4.876580] iscsi: registered transport (iser)
[[0;32m  OK  [0m] Started LVM2 metadata daemon.
         Starting udev Coldplug all Devices...
         Starting Load/Save Random Seed...
         Starting Create Static Device Nodes in /dev...
         Starting Flush Journal to Persistent Storage...
[[0;32m  OK  [0m] Started Load Kernel Modules.
[[0;32m  OK  [0m] Started Load/Save Random Seed.
[[0;32m  OK  [0m] Started Create Static Device Nodes in /dev.
[    4.934486] systemd-journald[369]: Received request to flush runtime journal from PID 1
[[0;32m  OK  [0m] Started Flush Journal to Persistent Storage.
[[0;32m  OK  [0m] Started udev Coldplug all Devices.
         Starting udev Kernel Device Manager...
         Mounting FUSE Control File System...
         Starting Apply Kernel Variables...
[[0;32m  OK  [0m] Mounted FUSE Control File System.
[[0;32m  OK  [0m] Started Apply Kernel Variables.
[[0;32m  OK  [0m] Started udev Kernel Device Manager.
[[0;32m  OK  [0m] Started Dispatch Password Requests to Console Directory Watch.
[[0;32m  OK  [0m] Found device /dev/ttyS0.
[[0;32m  OK  [0m] Listening on Load/Save RF Kill Switch Status /dev/rfkill Watch.
[[0;32m  OK  [0m] Found device 82540EM Gigabit Ethern...r (PRO/1000 MT Desktop Adapter).
[[0;32m  OK  [0m] Started Monitoring of LVM2 mirrors,...ng dmeventd or progress polling.
[[0;32m  OK  [0m] Reached target Local File Systems (Pre).
[[0;32m  OK  [0m] Reached target Local File Systems.
         Starting Set console font and keymap...
         Starting Create Volatile Files and Directories...
         Starting LSB: AppArmor initialization...
         Starting Tell Plymouth To Write Out Runtime Data...
         Starting Initial cloud-init job (pre-networking)...
[[0;32m  OK  [0m] Started Create Volatile Files and Directories.
[[0;32m  OK  [0m] Started Tell Plymouth To Write Out Runtime Data.
         Starting Update UTMP about System Boot/Shutdown...
[[0;32m  OK  [0m] Started Update UTMP about System Boot/Shutdown.
[[0;32m  OK  [0m] Started LSB: AppArmor initialization.
[[0;32m  OK  [0m] Started Set console font and keymap.
[[0;32m  OK  [0m] Created slice system-getty.slice.
[    6.139200] cloud-init[665]: Cloud-init v. 19.2-36-g059d049c-0ubuntu2~16.04.1 running 'init-local' at Fri, 13 Dec 2019 10:51:55 +0000. Up 5.93 seconds.
[[0;32m  OK  [0m] Started Initial cloud-init job (pre-networking).
[[0;32m  OK  [0m] Reached target Network (Pre).
[[0;32m  OK  [0m] Started ifup for enp0s8.
[[0;32m  OK  [0m] Started ifup for enp0s3.
         Starting Raise network interfaces...
[[0;32m  OK  [0m] Started Raise network interfaces.
         Starting Initial cloud-init job (metadata service crawler)...
[[0;32m  OK  [0m] Reached target Network.
[    6.746658] cloud-init[1083]: Cloud-init v. 19.2-36-g059d049c-0ubuntu2~16.04.1 running 'init' at Fri, 13 Dec 2019 10:51:56 +0000. Up 6.53 seconds.
[    6.747984] cloud-init[1083]: ci-info: ++++++++++++++++++++++++++++++++++++++Net device info+++++++++++++++++++++++++++++++++++++++
[    6.749111] cloud-init[1083]: ci-info: +--------+------+-----------------------------+---------------+--------+-------------------+
[    6.750260] cloud-init[1083]: ci-info: | Device |  Up  |           Address           |      Mask     | Scope  |     Hw-Address    |
[    6.762559] cloud-init[1083]: ci-info: +--------+------+-----------------------------+---------------+--------+-------------------+
[    6.764137] cloud-init[1083]: ci-info: | enp0s3 | True |          10.0.2.15          | 255.255.255.0 | global | 02:95:cf:22:ea:76 |
[    6.765667] cloud-init[1083]: ci-info: | enp0s3 | True |  fe80::95:cfff:fe22:ea76/64 |       .       |  link  | 02:95:cf:22:ea:76 |
[    6.767218] cloud-init[1083]: ci-info: | enp0s8 | True |        192.168.33.20        | 255.255.255.0 | global | 08:00:27:d2:1d:00 |
[    6.768794] cloud-init[1083]: ci-info: | enp0s8 | True | fe80::a00:27ff:fed2:1d00/64 |       .       |  link  | 08:00:27:d2:1d:00 |
[    6.770431] cloud-init[1083]: ci-info: |   lo   | True |          127.0.0.1          |   255.0.0.0   |  host  |         .         |
[    6.771876] cloud-init[1083]: ci-info: |   lo   | True |           ::1/128           |       .       |  host  |         .         |
[    6.773536] cloud-init[1083]: ci-info: +--------+------+-----------------------------+---------------+--------+-------------------+
[    6.775152] cloud-init[1083]: ci-info: ++++++++++++++++++++++++++++Route IPv4 info++++++++++++++++++++++++++++
[    6.776711] cloud-init[1083]: ci-info: +-------+--------------+----------+---------------+-----------+-------+
[    6.778175] cloud-init[1083]: ci-info: | Route | Destination  | Gateway  |    Genmask    | Interface | Flags |
[    6.779683] cloud-init[1083]: ci-info: +-------+--------------+----------+---------------+-----------+-------+
[    6.781240] cloud-init[1083]: ci-info: |   0   |   0.0.0.0    | 10.0.2.2 |    0.0.0.0    |   enp0s3  |   UG  |
[    6.782764] cloud-init[1083]: ci-info: |   1   |   10.0.2.0   | 0.0.0.0  | 255.255.255.0 |   enp0s3  |   U   |
[    6.784172] cloud-init[1083]: ci-info: |   2   | 192.168.33.0 | 0.0.0.0  | 255.255.255.0 |   enp0s8  |   U   |
[    6.785486] cloud-init[1083]: ci-info: +-------+--------------+----------+---------------+-----------+-------+[[0;32m  OK  [0m] Started Initial cloud-init job (metadata service crawler).
[[0;32m  OK  [0m] Reached target Network is Online.

[    6.796539]          cloud-initStarting iSCSI initiator daemon (iscsid)...[1083]: 
ci-info: +++++++++++++++++++Route IPv6 info+++++++++++++++++++
[[0;32m  OK  [0m] Reached target System Initialization.
[    6.797155] [cloud-init[0;32m  OK  [0m[1083]: ] ci-info: +-------+-------------+---------+-----------+-------+Listening on D-Bus System Message Bus Socket.

[    6.799429] [[0;32m  OK  [0m] Started Daily Cleanup of Temporary Directories.
cloud-init[1083]: ci-info: | Route | Destination | Gateway | Interface | Flags |
[    6.800951] cloud-init[1083]: ci-info: +-------+-------------+---------+-----------+-------+
[    6.802077] [[0;32m  OK  [0m] Started Daily apt download activities.
[[0;32m  OK  [0m] Started Daily apt upgrade and clean activities.
cloud-init[1083]: ci-info: |   0   |  fe80::/64  |    ::   |   enp0s8  |   U   |
[    6.803797] [[0;32m  OK  [0m] Started ACPI Events Check.
cloud-init[1083]: ci-info: |   1   |  fe80::/64  |    ::   |   enp0s3  |   U   |
[    6.805100] [[0;32m  OK  [0m] Reached target Paths.
         Starting Socket activation for snappy daemon.
[[0;32m  OK  [0m] Listening on ACPID Listen Socket.
[[0;32m  OK  [0m] Started Clean PHP session files every 30 mins.
[[0;32m  OK  [0m] Listening on UUID daemon activation socket.
[[0;32m  OK  [0m] Started Message of the Day.
[[0;32m  OK  [0m] Reached target Timers.
cloud-init[1083]: ci-info: |   4   |   ff00::/8  |    ::   |   enp0s8  |   U   |
[    6.816211]          Starting LXD - unix socket.
[[0;32m  OK  [0m] Reached target Cloud-config availability.
cloud-init[1083]: ci-info: |   5   |   ff00::/8  |    ::   |   enp0s3  |   U   |
[    6.818056] cloud-init[1083]: ci-info: +-------+-------------+---------+-----------+-------+
[[0;32m  OK  [0m] Listening on Socket activation for snappy daemon.
[[0;32m  OK  [0m] Listening on LXD - unix socket.
[[0;32m  OK  [0m] Started iSCSI initiator daemon (iscsid).
         Starting Login to default iSCSI targets...
[[0;32m  OK  [0m] Reached target Sockets.
[[0;32m  OK  [0m] Reached target Basic System.
         Starting MySQL Community Server...
[[0;32m  OK  [0m] Started ACPI event daemon.
         Starting LSB: Record successful boot for GRUB...
         Starting Login Service...
         Starting Virtualbox guest utils...
         Starting LSB: MD monitoring daemon...
         Starting OpenBSD Secure Shell server...
[[0;32m  OK  [0m] Started Regular background program processing daemon.
[[0;32m  OK  [0m] Started Deferred execution scheduler.
         Starting System Logging Service...
         Starting Accounts Service...
[[0;32m  OK  [0m] Started D-Bus System Message Bus.
         Starting LXD - container startup/shutdown...
         Starting /etc/rc.local Compatibility...
[[0;32m  OK  [0m] Started FUSE filesystem for LXC.
         Starting Snappy daemon...
[[0;32m  OK  [0m] Started System Logging Service.
[[0;32m  OK  [0m] Started /etc/rc.local Compatibility.
[[0;32m  OK  [0m] Started OpenBSD Secure Shell server.
[[0;32m  OK  [0m] Started LSB: Record successful boot for GRUB.
[[0;32m  OK  [0m] Started Login to default iSCSI targets.
[[0;32m  OK  [0m] Started LSB: MD monitoring daemon.
[[0;32m  OK  [0m] Started Login Service.
[[0;32m  OK  [0m] Started Unattended Upgrades Shutdown.
         Starting Authenticate and Authorize Users to Run Privileged Tasks...
[[0;32m  OK  [0m] Reached target Remote File Systems (Pre).
[[0;32m  OK  [0m] Reached target Remote File Systems.
         Starting LSB: daemon to balance interrupts for SMP systems...
         Starting LSB: Apache2 web server...
         Starting LSB: automatic crash report generation...
         Starting Permit User Sessions...
         Starting LSB: Set the CPU Frequency Scaling governor to "ondemand"...
[[0;32m  OK  [0m] Started Permit User Sessions.
         Starting Hold until boot process finishes up...
         Starting Terminate Plymouth Boot Screen...
[[0;32m  OK  [0m] Started Virtualbox guest utils.
[[0;32m  OK  [0m] Started LSB: Set the CPU Frequency Scaling governor to "ondemand".
[[0;32m  OK  [0m] Started Hold until boot process finishes up.
[[0;32m  OK  [0m] Started Getty on tty1.
         Starting Set console scheme...
[[0;32m  OK  [0m] Started Serial Getty on ttyS0.
[[0;32m  OK  [0m] Reached target Login Prompts.
[[0;32m  OK  [0m] Started Terminate Plymouth Boot Screen.
[[0;32m  OK  [0m] Started LSB: automatic crash report generation.
[[0;32m  OK  [0m] Started Set console scheme.
[[0;32m  OK  [0m] Started Authenticate and Authorize Users to Run Privileged Tasks.
[[0;32m  OK  [0m] Started LSB: daemon to balance interrupts for SMP systems.
[[0;32m  OK  [0m] Started Accounts Service.
[[0;32m  OK  [0m] Started LXD - container startup/shutdown.
[[0;32m  OK  [0m] Started Snappy daemon.
         Starting Wait until snapd is fully seeded...
[[0;32m  OK  [0m] Started Wait until snapd is fully seeded.
         Starting Apply the settings specified in cloud-config...
[    7.705767] cloud-init[1387]: Cloud-init v. 19.2-36-g059d049c-0ubuntu2~16.04.1 running 'modules:config' at Fri, 13 Dec 2019 10:51:57 +0000. Up 7.59 seconds.
[[0;32m  OK  [0m] Started Apply the settings specified in cloud-config.
[[0;32m  OK  [0m] Started MySQL Community Server.
[[0;32m  OK  [0m] Started LSB: Apache2 web server.
[[0;32m  OK  [0m] Reached target Multi-User System.
         Starting Execute cloud user/final scripts...
[[0;32m  OK  [0m] Reached target Graphical Interface.
         Starting Update UTMP about System Runlevel Changes...
[[0;32m  OK  [0m] Started Update UTMP about System Runlevel Changes.
[    8.705660] cloud-init[1433]: Cloud-init v. 19.2-36-g059d049c-0ubuntu2~16.04.1 running 'modules:final' at Fri, 13 Dec 2019 10:51:58 +0000. Up 8.63 seconds.
[    8.707435] cloud-init[1433]: Cloud-init v. 19.2-36-g059d049c-0ubuntu2~16.04.1 finished at Fri, 13 Dec 2019 10:51:58 +0000. Datasource DataSourceNoCloud [seed=/dev/sdb][dsmode=net].  Up 8.70 seconds
[[0;32m  OK  [0m] Started Execute cloud user/final scripts.
[[0;32m  OK  [0m] Reached target Cloud-init target.

Ubuntu 16.04.6 LTS ubuntu-xenial ttyS0

ubuntu-xenial login: 